[10K/d1000] Mon Aug 17 11:05:05 AM UTC 2026
7-session_trace.jsonl
Saved output/10K/d1000/7-session_trace.jsonl.png
6-session_trace.jsonl
Saved output/10K/d1000/6-session_trace.jsonl.png
5-session_trace.jsonl
Saved output/10K/d1000/5-session_trace.jsonl.png
3-session_trace.jsonl
Saved output/10K/d1000/3-session_trace.jsonl.png
0-session_trace.jsonl
Saved output/10K/d1000/0-session_trace.jsonl.png
4-session_trace.jsonl
Saved output/10K/d1000/4-session_trace.jsonl.png
1-session_trace.jsonl
Saved output/10K/d1000/1-session_trace.jsonl.png
2-session_trace.jsonl
Saved output/10K/d1000/2-session_trace.jsonl.png
8-session_trace.jsonl
Saved output/10K/d1000/8-session_trace.jsonl.png
9-session_trace.jsonl
Saved output/10K/d1000/9-session_trace.jsonl.png
[10K/d2000] Mon Aug 17 11:05:07 AM UTC 2026
7-session_trace.jsonl
Saved output/10K/d2000/7-session_trace.jsonl.png
3-session_trace.jsonl
Saved output/10K/d2000/3-session_trace.jsonl.png
4-session_trace.jsonl
Saved output/10K/d2000/4-session_trace.jsonl.png
6-session_trace.jsonl
Saved output/10K/d2000/6-session_trace.jsonl.png
5-session_trace.jsonl
Saved output/10K/d2000/5-session_trace.jsonl.png
0-session_trace.jsonl
Saved output/10K/d2000/0-session_trace.jsonl.png
2-session_trace.jsonl
Saved output/10K/d2000/2-session_trace.jsonl.png
1-session_trace.jsonl
Saved output/10K/d2000/1-session_trace.jsonl.png
8-session_trace.jsonl
Saved output/10K/d2000/8-session_trace.jsonl.png
9-session_trace.jsonl
Saved output/10K/d2000/9-session_trace.jsonl.png
[10K/d3000] Mon Aug 17 11:05:09 AM UTC 2026
5-session_trace.jsonl
Saved output/10K/d3000/5-session_trace.jsonl.png
4-session_trace.jsonl
Saved output/10K/d3000/4-session_trace.jsonl.png
3-session_trace.jsonl
Saved output/10K/d3000/3-session_trace.jsonl.png
6-session_trace.jsonl
Saved output/10K/d3000/6-session_trace.jsonl.png
0-session_trace.jsonl
Saved output/10K/d3000/0-session_trace.jsonl.png
1-session_trace.jsonl
Saved output/10K/d3000/1-session_trace.jsonl.png
7-session_trace.jsonl
Saved output/10K/d3000/7-session_trace.jsonl.png
2-session_trace.jsonl
Saved output/10K/d3000/2-session_trace.jsonl.png
8-session_trace.jsonl
Saved output/10K/d3000/8-session_trace.jsonl.png
9-session_trace.jsonl
Saved output/10K/d3000/9-session_trace.jsonl.png
[10K/d5000] Mon Aug 17 11:05:10 AM UTC 2026
1-session_trace.jsonl
Saved output/10K/d5000/1-session_trace.jsonl.png
7-session_trace.jsonl
Saved output/10K/d5000/7-session_trace.jsonl.png
3-session_trace.jsonl
Saved output/10K/d5000/3-session_trace.jsonl.png
2-session_trace.jsonl
Saved output/10K/d5000/2-session_trace.jsonl.png
5-session_trace.jsonl
Saved output/10K/d5000/5-session_trace.jsonl.png
6-session_trace.jsonl
Saved output/10K/d5000/6-session_trace.jsonl.png
4-session_trace.jsonl
Saved output/10K/d5000/4-session_trace.jsonl.png
0-session_trace.jsonl
Saved output/10K/d5000/0-session_trace.jsonl.png
8-session_trace.jsonl
Saved output/10K/d5000/8-session_trace.jsonl.png
9-session_trace.jsonl
Saved output/10K/d5000/9-session_trace.jsonl.png
[10K/d7000] Mon Aug 17 11:05:12 AM UTC 2026
6-session_trace.jsonl
Saved output/10K/d7000/6-session_trace.jsonl.png
1-session_trace.jsonl
Saved output/10K/d7000/1-session_trace.jsonl.png
3-session_trace.jsonl
Saved output/10K/d7000/3-session_trace.jsonl.png
0-session_trace.jsonl
Saved output/10K/d7000/0-session_trace.jsonl.png
5-session_trace.jsonl
Saved output/10K/d7000/5-session_trace.jsonl.png
7-session_trace.jsonl
Saved output/10K/d7000/7-session_trace.jsonl.png
4-session_trace.jsonl
Saved output/10K/d7000/4-session_trace.jsonl.png
2-session_trace.jsonl
Saved output/10K/d7000/2-session_trace.jsonl.png
8-session_trace.jsonl
Saved output/10K/d7000/8-session_trace.jsonl.png
9-session_trace.jsonl
Saved output/10K/d7000/9-session_trace.jsonl.png
[10K/d9000] Mon Aug 17 11:05:14 AM UTC 2026
2-session_trace.jsonl
Saved output/10K/d9000/2-session_trace.jsonl.png
5-session_trace.jsonl
Saved output/10K/d9000/5-session_trace.jsonl.png
0-session_trace.jsonl
Saved output/10K/d9000/0-session_trace.jsonl.png
1-session_trace.jsonl
Saved output/10K/d9000/1-session_trace.jsonl.png
6-session_trace.jsonl
Saved output/10K/d9000/6-session_trace.jsonl.png
3-session_trace.jsonl
Saved output/10K/d9000/3-session_trace.jsonl.png
4-session_trace.jsonl
Saved output/10K/d9000/4-session_trace.jsonl.png
7-session_trace.jsonl
Saved output/10K/d9000/7-session_trace.jsonl.png
8-session_trace.jsonl
Saved output/10K/d9000/8-session_trace.jsonl.png
9-session_trace.jsonl
Saved output/10K/d9000/9-session_trace.jsonl.png
[100K/d1000] Mon Aug 17 11:05:16 AM UTC 2026
2-session_trace.jsonl
Saved output/100K/d1000/2-session_trace.jsonl.png
0-session_trace.jsonl
Saved output/100K/d1000/0-session_trace.jsonl.png
4-session_trace.jsonl
Saved output/100K/d1000/4-session_trace.jsonl.png
6-session_trace.jsonl
Saved output/100K/d1000/6-session_trace.jsonl.png
3-session_trace.jsonl
Saved output/100K/d1000/3-session_trace.jsonl.png
1-session_trace.jsonl
Saved output/100K/d1000/1-session_trace.jsonl.png
5-session_trace.jsonl
Saved output/100K/d1000/5-session_trace.jsonl.png
7-session_trace.jsonl
Saved output/100K/d1000/7-session_trace.jsonl.png
8-session_trace.jsonl
Saved output/100K/d1000/8-session_trace.jsonl.png
9-session_trace.jsonl
Saved output/100K/d1000/9-session_trace.jsonl.png
[100K/d2000] Mon Aug 17 11:05:20 AM UTC 2026
0-session_trace.jsonl
Saved output/100K/d2000/0-session_trace.jsonl.png
2-session_trace.jsonl
Saved output/100K/d2000/2-session_trace.jsonl.png
6-session_trace.jsonl
Saved output/100K/d2000/6-session_trace.jsonl.png
4-session_trace.jsonl
Saved output/100K/d2000/4-session_trace.jsonl.png
1-session_trace.jsonl
Saved output/100K/d2000/1-session_trace.jsonl.png
7-session_trace.jsonl
Saved output/100K/d2000/7-session_trace.jsonl.png
3-session_trace.jsonl
Saved output/100K/d2000/3-session_trace.jsonl.png
5-session_trace.jsonl
Saved output/100K/d2000/5-session_trace.jsonl.png
8-session_trace.jsonl
Saved output/100K/d2000/8-session_trace.jsonl.png
9-session_trace.jsonl
Saved output/100K/d2000/9-session_trace.jsonl.png
[100K/d3000] Mon Aug 17 11:05:23 AM UTC 2026
4-session_trace.jsonl
Saved output/100K/d3000/4-session_trace.jsonl.png
2-session_trace.jsonl
Saved output/100K/d3000/2-session_trace.jsonl.png
0-session_trace.jsonl
Saved output/100K/d3000/0-session_trace.jsonl.png
6-session_trace.jsonl
Saved output/100K/d3000/6-session_trace.jsonl.png
5-session_trace.jsonl
Saved output/100K/d3000/5-session_trace.jsonl.png
3-session_trace.jsonl
Saved output/100K/d3000/3-session_trace.jsonl.png
1-session_trace.jsonl
Saved output/100K/d3000/1-session_trace.jsonl.png
7-session_trace.jsonl
Saved output/100K/d3000/7-session_trace.jsonl.png
8-session_trace.jsonl
Saved output/100K/d3000/8-session_trace.jsonl.png
9-session_trace.jsonl
Saved output/100K/d3000/9-session_trace.jsonl.png
[100K/d5000] Mon Aug 17 11:05:27 AM UTC 2026
4-session_trace.jsonl
Saved output/100K/d5000/4-session_trace.jsonl.png
0-session_trace.jsonl
Saved output/100K/d5000/0-session_trace.jsonl.png
6-session_trace.jsonl
Saved output/100K/d5000/6-session_trace.jsonl.png
2-session_trace.jsonl
Saved output/100K/d5000/2-session_trace.jsonl.png
7-session_trace.jsonl
Saved output/100K/d5000/7-session_trace.jsonl.png
5-session_trace.jsonl
Saved output/100K/d5000/5-session_trace.jsonl.png
1-session_trace.jsonl
Saved output/100K/d5000/1-session_trace.jsonl.png
3-session_trace.jsonl
Saved output/100K/d5000/3-session_trace.jsonl.png
8-session_trace.jsonl
Saved output/100K/d5000/8-session_trace.jsonl.png
9-session_trace.jsonl
Saved output/100K/d5000/9-session_trace.jsonl.png
[100K/d7000] Mon Aug 17 11:05:31 AM UTC 2026
2-session_trace.jsonl
Saved output/100K/d7000/2-session_trace.jsonl.png
0-session_trace.jsonl
Saved output/100K/d7000/0-session_trace.jsonl.png
6-session_trace.jsonl
Saved output/100K/d7000/6-session_trace.jsonl.png
4-session_trace.jsonl
Saved output/100K/d7000/4-session_trace.jsonl.png
1-session_trace.jsonl
Saved output/100K/d7000/1-session_trace.jsonl.png
3-session_trace.jsonl
Saved output/100K/d7000/3-session_trace.jsonl.png
5-session_trace.jsonl
Saved output/100K/d7000/5-session_trace.jsonl.png
7-session_trace.jsonl
Saved output/100K/d7000/7-session_trace.jsonl.png
8-session_trace.jsonl
Saved output/100K/d7000/8-session_trace.jsonl.png
9-session_trace.jsonl
Saved output/100K/d7000/9-session_trace.jsonl.png
[100K/d9000] Mon Aug 17 11:05:35 AM UTC 2026
4-session_trace.jsonl
Saved output/100K/d9000/4-session_trace.jsonl.png
2-session_trace.jsonl
Saved output/100K/d9000/2-session_trace.jsonl.png
0-session_trace.jsonl
Saved output/100K/d9000/0-session_trace.jsonl.png
6-session_trace.jsonl
Saved output/100K/d9000/6-session_trace.jsonl.png
5-session_trace.jsonl
Saved output/100K/d9000/5-session_trace.jsonl.png
3-session_trace.jsonl
Saved output/100K/d9000/3-session_trace.jsonl.png
7-session_trace.jsonl
Saved output/100K/d9000/7-session_trace.jsonl.png
1-session_trace.jsonl
Saved output/100K/d9000/1-session_trace.jsonl.png
8-session_trace.jsonl
Saved output/100K/d9000/8-session_trace.jsonl.png
9-session_trace.jsonl
Saved output/100K/d9000/9-session_trace.jsonl.png
[500K/d1000] Mon Aug 17 11:05:38 AM UTC 2026
0-session_trace.jsonl
Saved output/500K/d1000/0-session_trace.jsonl.png
5-session_trace.jsonl
Saved output/500K/d1000/5-session_trace.jsonl.png
1-session_trace.jsonl
Saved output/500K/d1000/1-session_trace.jsonl.png
6-session_trace.jsonl
Saved output/500K/d1000/6-session_trace.jsonl.png
2-session_trace.jsonl
Saved output/500K/d1000/2-session_trace.jsonl.png
7-session_trace.jsonl
Saved output/500K/d1000/7-session_trace.jsonl.png
3-session_trace.jsonl
Saved output/500K/d1000/3-session_trace.jsonl.png
8-session_trace.jsonl
Saved output/500K/d1000/8-session_trace.jsonl.png
4-session_trace.jsonl
Saved output/500K/d1000/4-session_trace.jsonl.png
9-session_trace.jsonl
Saved output/500K/d1000/9-session_trace.jsonl.png
[500K/d2000] Mon Aug 17 11:05:50 AM UTC 2026
0-session_trace.jsonl
Saved output/500K/d2000/0-session_trace.jsonl.png
5-session_trace.jsonl
Saved output/500K/d2000/5-session_trace.jsonl.png
1-session_trace.jsonl
Saved output/500K/d2000/1-session_trace.jsonl.png
6-session_trace.jsonl
Saved output/500K/d2000/6-session_trace.jsonl.png
2-session_trace.jsonl
Saved output/500K/d2000/2-session_trace.jsonl.png
7-session_trace.jsonl
Saved output/500K/d2000/7-session_trace.jsonl.png
3-session_trace.jsonl
Saved output/500K/d2000/3-session_trace.jsonl.png
8-session_trace.jsonl
Saved output/500K/d2000/8-session_trace.jsonl.png
4-session_trace.jsonl
Saved output/500K/d2000/4-session_trace.jsonl.png
9-session_trace.jsonl
Saved output/500K/d2000/9-session_trace.jsonl.png
[500K/d3000] Mon Aug 17 11:06:02 AM UTC 2026
0-session_trace.jsonl
Saved output/500K/d3000/0-session_trace.jsonl.png
5-session_trace.jsonl
Saved output/500K/d3000/5-session_trace.jsonl.png
1-session_trace.jsonl
Saved output/500K/d3000/1-session_trace.jsonl.png
6-session_trace.jsonl
Saved output/500K/d3000/6-session_trace.jsonl.png
2-session_trace.jsonl
Saved output/500K/d3000/2-session_trace.jsonl.png
7-session_trace.jsonl
Saved output/500K/d3000/7-session_trace.jsonl.png
3-session_trace.jsonl
Saved output/500K/d3000/3-session_trace.jsonl.png
8-session_trace.jsonl
Saved output/500K/d3000/8-session_trace.jsonl.png
4-session_trace.jsonl
Saved output/500K/d3000/4-session_trace.jsonl.png
9-session_trace.jsonl
Saved output/500K/d3000/9-session_trace.jsonl.png
[500K/d5000] Mon Aug 17 11:06:15 AM UTC 2026
0-session_trace.jsonl
Saved output/500K/d5000/0-session_trace.jsonl.png
5-session_trace.jsonl
Saved output/500K/d5000/5-session_trace.jsonl.png
1-session_trace.jsonl
Saved output/500K/d5000/1-session_trace.jsonl.png
6-session_trace.jsonl
Saved output/500K/d5000/6-session_trace.jsonl.png
2-session_trace.jsonl
Saved output/500K/d5000/2-session_trace.jsonl.png
7-session_trace.jsonl
Saved output/500K/d5000/7-session_trace.jsonl.png
3-session_trace.jsonl
Saved output/500K/d5000/3-session_trace.jsonl.png
8-session_trace.jsonl
Saved output/500K/d5000/8-session_trace.jsonl.png
9-session_trace.jsonl
Saved output/500K/d5000/9-session_trace.jsonl.png
4-session_trace.jsonl
Saved output/500K/d5000/4-session_trace.jsonl.png
[500K/d7000] Mon Aug 17 11:06:27 AM UTC 2026
5-session_trace.jsonl
Saved output/500K/d7000/5-session_trace.jsonl.png
0-session_trace.jsonl
Saved output/500K/d7000/0-session_trace.jsonl.png
6-session_trace.jsonl
Saved output/500K/d7000/6-session_trace.jsonl.png
1-session_trace.jsonl
Saved output/500K/d7000/1-session_trace.jsonl.png
7-session_trace.jsonl
Saved output/500K/d7000/7-session_trace.jsonl.png
2-session_trace.jsonl
Saved output/500K/d7000/2-session_trace.jsonl.png
3-session_trace.jsonl
Saved output/500K/d7000/3-session_trace.jsonl.png
8-session_trace.jsonl
Saved output/500K/d7000/8-session_trace.jsonl.png
4-session_trace.jsonl
Saved output/500K/d7000/4-session_trace.jsonl.png
9-session_trace.jsonl
Saved output/500K/d7000/9-session_trace.jsonl.png
[500K/d9000] Mon Aug 17 11:06:39 AM UTC 2026
5-session_trace.jsonl
Saved output/500K/d9000/5-session_trace.jsonl.png
0-session_trace.jsonl
Saved output/500K/d9000/0-session_trace.jsonl.png
6-session_trace.jsonl
Saved output/500K/d9000/6-session_trace.jsonl.png
1-session_trace.jsonl
Saved output/500K/d9000/1-session_trace.jsonl.png
7-session_trace.jsonl
Saved output/500K/d9000/7-session_trace.jsonl.png
2-session_trace.jsonl
Saved output/500K/d9000/2-session_trace.jsonl.png
8-session_trace.jsonl
Saved output/500K/d9000/8-session_trace.jsonl.png
3-session_trace.jsonl
Saved output/500K/d9000/3-session_trace.jsonl.png
9-session_trace.jsonl
Saved output/500K/d9000/9-session_trace.jsonl.png
4-session_trace.jsonl
Saved output/500K/d9000/4-session_trace.jsonl.png
[1M/d1000] Mon Aug 17 11:06:51 AM UTC 2026
0-session_trace.jsonl
Saved output/1M/d1000/0-session_trace.jsonl.png
1-session_trace.jsonl
Saved output/1M/d1000/1-session_trace.jsonl.png
2-session_trace.jsonl
Saved output/1M/d1000/2-session_trace.jsonl.png
3-session_trace.jsonl
Saved output/1M/d1000/3-session_trace.jsonl.png
4-session_trace.jsonl
Saved output/1M/d1000/4-session_trace.jsonl.png
5-session_trace.jsonl
Saved output/1M/d1000/5-session_trace.jsonl.png
6-session_trace.jsonl
Saved output/1M/d1000/6-session_trace.jsonl.png
7-session_trace.jsonl
Saved output/1M/d1000/7-session_trace.jsonl.png
8-session_trace.jsonl
Saved output/1M/d1000/8-session_trace.jsonl.png
9-session_trace.jsonl
Saved output/1M/d1000/9-session_trace.jsonl.png
[1M/d2000] Mon Aug 17 11:07:14 AM UTC 2026
0-session_trace.jsonl
Saved output/1M/d2000/0-session_trace.jsonl.png
1-session_trace.jsonl
Saved output/1M/d2000/1-session_trace.jsonl.png
2-session_trace.jsonl
Saved output/1M/d2000/2-session_trace.jsonl.png
3-session_trace.jsonl
Saved output/1M/d2000/3-session_trace.jsonl.png
4-session_trace.jsonl
Saved output/1M/d2000/4-session_trace.jsonl.png
5-session_trace.jsonl
Saved output/1M/d2000/5-session_trace.jsonl.png
6-session_trace.jsonl
Saved output/1M/d2000/6-session_trace.jsonl.png
7-session_trace.jsonl
Saved output/1M/d2000/7-session_trace.jsonl.png
8-session_trace.jsonl
Saved output/1M/d2000/8-session_trace.jsonl.png
9-session_trace.jsonl
Saved output/1M/d2000/9-session_trace.jsonl.png
[1M/d3000] Mon Aug 17 11:07:36 AM UTC 2026
0-session_trace.jsonl
Saved output/1M/d3000/0-session_trace.jsonl.png
1-session_trace.jsonl
Saved output/1M/d3000/1-session_trace.jsonl.png
2-session_trace.jsonl
Saved output/1M/d3000/2-session_trace.jsonl.png
3-session_trace.jsonl
Saved output/1M/d3000/3-session_trace.jsonl.png
4-session_trace.jsonl
Saved output/1M/d3000/4-session_trace.jsonl.png
5-session_trace.jsonl
Saved output/1M/d3000/5-session_trace.jsonl.png
6-session_trace.jsonl
Saved output/1M/d3000/6-session_trace.jsonl.png
7-session_trace.jsonl
Saved output/1M/d3000/7-session_trace.jsonl.png
8-session_trace.jsonl
Saved output/1M/d3000/8-session_trace.jsonl.png
9-session_trace.jsonl
Saved output/1M/d3000/9-session_trace.jsonl.png
[1M/d5000] Mon Aug 17 11:08:02 AM UTC 2026
0-session_trace.jsonl
Saved output/1M/d5000/0-session_trace.jsonl.png
1-session_trace.jsonl
Saved output/1M/d5000/1-session_trace.jsonl.png
2-session_trace.jsonl
Saved output/1M/d5000/2-session_trace.jsonl.png
3-session_trace.jsonl
Saved output/1M/d5000/3-session_trace.jsonl.png
4-session_trace.jsonl
Saved output/1M/d5000/4-session_trace.jsonl.png
5-session_trace.jsonl
Saved output/1M/d5000/5-session_trace.jsonl.png
6-session_trace.jsonl
Saved output/1M/d5000/6-session_trace.jsonl.png
7-session_trace.jsonl
Saved output/1M/d5000/7-session_trace.jsonl.png
8-session_trace.jsonl
Saved output/1M/d5000/8-session_trace.jsonl.png
9-session_trace.jsonl
Saved output/1M/d5000/9-session_trace.jsonl.png
[1M/d7000] Mon Aug 17 11:08:25 AM UTC 2026
0-session_trace.jsonl
Saved output/1M/d7000/0-session_trace.jsonl.png
1-session_trace.jsonl
Saved output/1M/d7000/1-session_trace.jsonl.png
2-session_trace.jsonl
Saved output/1M/d7000/2-session_trace.jsonl.png
3-session_trace.jsonl
Saved output/1M/d7000/3-session_trace.jsonl.png
4-session_trace.jsonl
Saved output/1M/d7000/4-session_trace.jsonl.png
5-session_trace.jsonl
Saved output/1M/d7000/5-session_trace.jsonl.png
6-session_trace.jsonl
Saved output/1M/d7000/6-session_trace.jsonl.png
7-session_trace.jsonl
Saved output/1M/d7000/7-session_trace.jsonl.png
8-session_trace.jsonl
Saved output/1M/d7000/8-session_trace.jsonl.png
9-session_trace.jsonl
Saved output/1M/d7000/9-session_trace.jsonl.png
[1M/d9000] Mon Aug 17 11:08:48 AM UTC 2026
0-session_trace.jsonl
Saved output/1M/d9000/0-session_trace.jsonl.png
1-session_trace.jsonl
Saved output/1M/d9000/1-session_trace.jsonl.png
2-session_trace.jsonl
Saved output/1M/d9000/2-session_trace.jsonl.png
3-session_trace.jsonl
Saved output/1M/d9000/3-session_trace.jsonl.png
4-session_trace.jsonl
Saved output/1M/d9000/4-session_trace.jsonl.png
5-session_trace.jsonl
Saved output/1M/d9000/5-session_trace.jsonl.png
6-session_trace.jsonl
Saved output/1M/d9000/6-session_trace.jsonl.png
7-session_trace.jsonl
Saved output/1M/d9000/7-session_trace.jsonl.png
8-session_trace.jsonl
Saved output/1M/d9000/8-session_trace.jsonl.png
9-session_trace.jsonl
Saved output/1M/d9000/9-session_trace.jsonl.png
=== ALL DONE ===
